{
    "context": {
        "dataset_id": "dataset-2",
        "docker_documentation": [
            "Your account has no docker registry. Please contact an organizer."
        ],
        "ev_keys": [
            "k-1",
            "k-2"
        ],
        "evaluations": [
            {
                "blinded": true,
                "dataset_id": "dataset-2",
                "input_run_id": "run-ds2-0-participant-1",
                "input_software_name": "default upload",
                "is_software": false,
                "is_upload": true,
                "link_code": null,
                "measures": [
                    -1.0,
                    4.0
                ],
                "published": true,
                "review_state": "no-review",
                "run_id": "run-ds2-0-participant-1-eval",
                "vm_id": "participant-1"
            },
            {
                "blinded": true,
                "dataset_id": "dataset-2",
                "input_run_id": "run-ds2-1-participant-1",
                "input_software_name": "default upload",
                "is_software": false,
                "is_upload": true,
                "link_code": null,
                "measures": [
                    -1.2,
                    4.2
                ],
                "published": true,
                "review_state": "no-review",
                "run_id": "run-ds2-1-participant-1-eval",
                "vm_id": "participant-1"
            }
        ],
        "include_navigation": false,
        "organizer_teams": "[]",
        "role": "user",
        "runs": [
            {
                "blinded": true,
                "dataset_id": "dataset-2",
                "input_software_name": "default upload",
                "is_software": false,
                "is_upload": true,
                "k-1": -1.0,
                "k-2": 4.0,
                "link_code": null,
                "link_to_team": "https://www.tira.io/g/tira_vm_participant-1",
                "owned_by_user": false,
                "published": true,
                "review_state": "no-review",
                "run_id": "run-ds2-0-participant-1",
                "selectable": false,
                "vm_id": "participant-1"
            },
            {
                "blinded": true,
                "dataset_id": "dataset-2",
                "input_software_name": "default upload",
                "is_software": false,
                "is_upload": true,
                "k-1": -1.2,
                "k-2": 4.2,
                "link_code": null,
                "link_to_team": "https://www.tira.io/g/tira_vm_participant-1",
                "owned_by_user": false,
                "published": true,
                "review_state": "no-review",
                "run_id": "run-ds2-1-participant-1",
                "selectable": false,
                "vm_id": "participant-1"
            }
        ],
        "table_headers": [
            {
                "key": "vm_id",
                "title": "Team"
            },
            {
                "key": "input_software_name",
                "title": "Approach"
            },
            {
                "key": "run_id",
                "title": "Run"
            },
            {
                "key": "k-1",
                "title": "k-1"
            },
            {
                "key": "k-2",
                "title": "k-2"
            },
            {
                "key": "actions",
                "sortable": false,
                "title": ""
            }
        ],
        "table_headers_small_layout": [
            {
                "key": "input_software_name",
                "title": "Approach"
            },
            {
                "key": "k-1",
                "title": "k-1"
            }
        ],
        "table_sort_by": [
            {
                "key": "k-1",
                "order": "desc"
            }
        ],
        "task_id": "shared-task-1",
        "user_id": "ignored-user.",
        "user_vms_for_task": []
    },
    "status": 0
}
