{
    "context": {
        "dataset_id": "dataset-1",
        "docker_documentation": [
            "Your account has no docker registry. Please contact an organizer."
        ],
        "ev_keys": [
            "k-1",
            "k-2"
        ],
        "evaluations": [
            {
                "blinded": true,
                "dataset_id": "dataset-1",
                "input_run_id": "run-0-example_participant",
                "input_software_name": "default upload",
                "is_software": false,
                "is_upload": true,
                "link_code": null,
                "measures": [
                    2.0,
                    1.0
                ],
                "published": true,
                "review_state": "no-review",
                "run_id": "run-0-example_participant-eval",
                "vm_id": "example_participant"
            },
            {
                "blinded": true,
                "dataset_id": "dataset-1",
                "input_run_id": "run-0-participant-1",
                "input_software_name": "default upload",
                "is_software": false,
                "is_upload": true,
                "link_code": null,
                "measures": [
                    1.9,
                    1.1
                ],
                "published": true,
                "review_state": "no-review",
                "run_id": "run-0-participant-1-eval",
                "vm_id": "participant-1"
            },
            {
                "blinded": true,
                "dataset_id": "dataset-1",
                "input_run_id": "run-1-example_participant",
                "input_software_name": "default upload",
                "is_software": false,
                "is_upload": true,
                "link_code": null,
                "measures": [
                    1.7,
                    1.3
                ],
                "published": true,
                "review_state": "no-review",
                "run_id": "run-1-example_participant-eval",
                "vm_id": "example_participant"
            },
            {
                "blinded": true,
                "dataset_id": "dataset-1",
                "input_run_id": "run-1-participant-1",
                "input_software_name": "default upload",
                "is_software": false,
                "is_upload": true,
                "link_code": null,
                "measures": [
                    1.6,
                    1.4
                ],
                "published": true,
                "review_state": "no-review",
                "run_id": "run-1-participant-1-eval",
                "vm_id": "participant-1"
            },
            {
                "blinded": true,
                "dataset_id": "dataset-1",
                "input_run_id": "run-2-example_participant",
                "input_software_name": "default upload",
                "is_software": false,
                "is_upload": true,
                "link_code": null,
                "measures": [
                    1.4,
                    1.6
                ],
                "published": true,
                "review_state": "no-review",
                "run_id": "run-2-example_participant-eval",
                "vm_id": "example_participant"
            },
            {
                "blinded": true,
                "dataset_id": "dataset-1",
                "input_run_id": "run-2-participant-1",
                "input_software_name": "default upload",
                "is_software": false,
                "is_upload": true,
                "link_code": null,
                "measures": [
                    1.3,
                    1.7
                ],
                "published": true,
                "review_state": "no-review",
                "run_id": "run-2-participant-1-eval",
                "vm_id": "participant-1"
            },
            {
                "blinded": true,
                "dataset_id": "dataset-1",
                "input_run_id": "run-3-example_participant",
                "input_software_name": "default upload",
                "is_software": false,
                "is_upload": true,
                "link_code": null,
                "measures": [
                    1.1,
                    1.9
                ],
                "published": true,
                "review_state": "no-review",
                "run_id": "run-3-example_participant-eval",
                "vm_id": "example_participant"
            },
            {
                "blinded": true,
                "dataset_id": "dataset-1",
                "input_run_id": "run-3-participant-1",
                "input_software_name": "default upload",
                "is_software": false,
                "is_upload": true,
                "link_code": null,
                "measures": [
                    1.0,
                    2.0
                ],
                "published": true,
                "review_state": "no-review",
                "run_id": "run-3-participant-1-eval",
                "vm_id": "participant-1"
            },
            {
                "blinded": true,
                "dataset_id": "dataset-1",
                "input_run_id": "run-4-example_participant",
                "input_software_name": "default upload",
                "is_software": false,
                "is_upload": true,
                "link_code": null,
                "measures": [
                    0.8,
                    2.2
                ],
                "published": true,
                "review_state": "no-review",
                "run_id": "run-4-example_participant-eval",
                "vm_id": "example_participant"
            },
            {
                "blinded": true,
                "dataset_id": "dataset-1",
                "input_run_id": "run-4-participant-1",
                "input_software_name": "default upload",
                "is_software": false,
                "is_upload": true,
                "link_code": null,
                "measures": [
                    0.7,
                    2.3
                ],
                "published": true,
                "review_state": "no-review",
                "run_id": "run-4-participant-1-eval",
                "vm_id": "participant-1"
            },
            {
                "blinded": true,
                "dataset_id": "dataset-1",
                "input_run_id": "run-5-example_participant",
                "input_software_name": "default upload",
                "is_software": false,
                "is_upload": true,
                "link_code": null,
                "measures": [
                    0.5,
                    2.5
                ],
                "published": true,
                "review_state": "no-review",
                "run_id": "run-5-example_participant-eval",
                "vm_id": "example_participant"
            },
            {
                "blinded": true,
                "dataset_id": "dataset-1",
                "input_run_id": "run-5-participant-1",
                "input_software_name": "default upload",
                "is_software": false,
                "is_upload": true,
                "link_code": null,
                "measures": [
                    0.4,
                    2.6
                ],
                "published": true,
                "review_state": "no-review",
                "run_id": "run-5-participant-1-eval",
                "vm_id": "participant-1"
            },
            {
                "blinded": true,
                "dataset_id": "dataset-1",
                "input_run_id": "run-6-example_participant",
                "input_software_name": "default upload",
                "is_software": false,
                "is_upload": true,
                "link_code": null,
                "measures": [
                    0.2,
                    2.8
                ],
                "published": true,
                "review_state": "no-review",
                "run_id": "run-6-example_participant-eval",
                "vm_id": "example_participant"
            },
            {
                "blinded": true,
                "dataset_id": "dataset-1",
                "input_run_id": "run-6-participant-1",
                "input_software_name": "default upload",
                "is_software": false,
                "is_upload": true,
                "link_code": null,
                "measures": [
                    0.1,
                    2.9
                ],
                "published": true,
                "review_state": "no-review",
                "run_id": "run-6-participant-1-eval",
                "vm_id": "participant-1"
            },
            {
                "blinded": true,
                "dataset_id": "dataset-1",
                "input_run_id": "run-7-example_participant",
                "input_software_name": "default upload",
                "is_software": false,
                "is_upload": true,
                "link_code": null,
                "measures": [
                    -0.1,
                    3.1
                ],
                "published": true,
                "review_state": "no-review",
                "run_id": "run-7-example_participant-eval",
                "vm_id": "example_participant"
            },
            {
                "blinded": true,
                "dataset_id": "dataset-1",
                "input_run_id": "run-7-participant-1",
                "input_software_name": "default upload",
                "is_software": false,
                "is_upload": true,
                "link_code": null,
                "measures": [
                    -0.2,
                    3.2
                ],
                "published": true,
                "review_state": "no-review",
                "run_id": "run-7-participant-1-eval",
                "vm_id": "participant-1"
            },
            {
                "blinded": true,
                "dataset_id": "dataset-1",
                "input_run_id": "run-8-example_participant",
                "input_software_name": "default upload",
                "is_software": false,
                "is_upload": true,
                "link_code": null,
                "measures": [
                    -0.4,
                    3.4
                ],
                "published": true,
                "review_state": "no-review",
                "run_id": "run-8-example_participant-eval",
                "vm_id": "example_participant"
            },
            {
                "blinded": true,
                "dataset_id": "dataset-1",
                "input_run_id": "run-8-participant-1",
                "input_software_name": "default upload",
                "is_software": false,
                "is_upload": true,
                "link_code": null,
                "measures": [
                    -0.5,
                    3.5
                ],
                "published": true,
                "review_state": "no-review",
                "run_id": "run-8-participant-1-eval",
                "vm_id": "participant-1"
            },
            {
                "blinded": true,
                "dataset_id": "dataset-1",
                "input_run_id": "run-9-example_participant",
                "input_software_name": "default upload",
                "is_software": false,
                "is_upload": true,
                "link_code": null,
                "measures": [
                    -0.7,
                    3.7
                ],
                "published": true,
                "review_state": "no-review",
                "run_id": "run-9-example_participant-eval",
                "vm_id": "example_participant"
            },
            {
                "blinded": false,
                "dataset_id": "dataset-1",
                "input_run_id": "run-9-participant-1",
                "input_software_name": "default upload",
                "is_software": false,
                "is_upload": true,
                "link_code": null,
                "measures": [
                    -0.8,
                    3.8
                ],
                "published": true,
                "review_state": "no-review",
                "run_id": "run-9-participant-1-eval",
                "vm_id": "participant-1"
            }
        ],
        "include_navigation": false,
        "organizer_teams": "[]",
        "role": "user",
        "runs": [
            {
                "blinded": true,
                "dataset_id": "dataset-1",
                "input_software_name": "default upload",
                "is_software": false,
                "is_upload": true,
                "k-1": 2.0,
                "k-2": 1.0,
                "link_code": null,
                "link_to_team": "https://www.tira.io/g/tira_vm_example_participant",
                "owned_by_user": false,
                "published": true,
                "review_state": "no-review",
                "run_id": "run-0-example_participant",
                "selectable": false,
                "vm_id": "example_participant"
            },
            {
                "blinded": true,
                "dataset_id": "dataset-1",
                "input_software_name": "default upload",
                "is_software": false,
                "is_upload": true,
                "k-1": 1.9,
                "k-2": 1.1,
                "link_code": null,
                "link_to_team": "https://www.tira.io/g/tira_vm_participant-1",
                "owned_by_user": false,
                "published": true,
                "review_state": "no-review",
                "run_id": "run-0-participant-1",
                "selectable": false,
                "vm_id": "participant-1"
            },
            {
                "blinded": true,
                "dataset_id": "dataset-1",
                "input_software_name": "default upload",
                "is_software": false,
                "is_upload": true,
                "k-1": 1.7,
                "k-2": 1.3,
                "link_code": null,
                "link_to_team": "https://www.tira.io/g/tira_vm_example_participant",
                "owned_by_user": false,
                "published": true,
                "review_state": "no-review",
                "run_id": "run-1-example_participant",
                "selectable": false,
                "vm_id": "example_participant"
            },
            {
                "blinded": true,
                "dataset_id": "dataset-1",
                "input_software_name": "default upload",
                "is_software": false,
                "is_upload": true,
                "k-1": 1.6,
                "k-2": 1.4,
                "link_code": null,
                "link_to_team": "https://www.tira.io/g/tira_vm_participant-1",
                "owned_by_user": false,
                "published": true,
                "review_state": "no-review",
                "run_id": "run-1-participant-1",
                "selectable": false,
                "vm_id": "participant-1"
            },
            {
                "blinded": true,
                "dataset_id": "dataset-1",
                "input_software_name": "default upload",
                "is_software": false,
                "is_upload": true,
                "k-1": 1.4,
                "k-2": 1.6,
                "link_code": null,
                "link_to_team": "https://www.tira.io/g/tira_vm_example_participant",
                "owned_by_user": false,
                "published": true,
                "review_state": "no-review",
                "run_id": "run-2-example_participant",
                "selectable": false,
                "vm_id": "example_participant"
            },
            {
                "blinded": true,
                "dataset_id": "dataset-1",
                "input_software_name": "default upload",
                "is_software": false,
                "is_upload": true,
                "k-1": 1.3,
                "k-2": 1.7,
                "link_code": null,
                "link_to_team": "https://www.tira.io/g/tira_vm_participant-1",
                "owned_by_user": false,
                "published": true,
                "review_state": "no-review",
                "run_id": "run-2-participant-1",
                "selectable": false,
                "vm_id": "participant-1"
            },
            {
                "blinded": true,
                "dataset_id": "dataset-1",
                "input_software_name": "default upload",
                "is_software": false,
                "is_upload": true,
                "k-1": 1.1,
                "k-2": 1.9,
                "link_code": null,
                "link_to_team": "https://www.tira.io/g/tira_vm_example_participant",
                "owned_by_user": false,
                "published": true,
                "review_state": "no-review",
                "run_id": "run-3-example_participant",
                "selectable": false,
                "vm_id": "example_participant"
            },
            {
                "blinded": true,
                "dataset_id": "dataset-1",
                "input_software_name": "default upload",
                "is_software": false,
                "is_upload": true,
                "k-1": 1.0,
                "k-2": 2.0,
                "link_code": null,
                "link_to_team": "https://www.tira.io/g/tira_vm_participant-1",
                "owned_by_user": false,
                "published": true,
                "review_state": "no-review",
                "run_id": "run-3-participant-1",
                "selectable": false,
                "vm_id": "participant-1"
            },
            {
                "blinded": true,
                "dataset_id": "dataset-1",
                "input_software_name": "default upload",
                "is_software": false,
                "is_upload": true,
                "k-1": 0.8,
                "k-2": 2.2,
                "link_code": null,
                "link_to_team": "https://www.tira.io/g/tira_vm_example_participant",
                "owned_by_user": false,
                "published": true,
                "review_state": "no-review",
                "run_id": "run-4-example_participant",
                "selectable": false,
                "vm_id": "example_participant"
            },
            {
                "blinded": true,
                "dataset_id": "dataset-1",
                "input_software_name": "default upload",
                "is_software": false,
                "is_upload": true,
                "k-1": 0.7,
                "k-2": 2.3,
                "link_code": null,
                "link_to_team": "https://www.tira.io/g/tira_vm_participant-1",
                "owned_by_user": false,
                "published": true,
                "review_state": "no-review",
                "run_id": "run-4-participant-1",
                "selectable": false,
                "vm_id": "participant-1"
            },
            {
                "blinded": true,
                "dataset_id": "dataset-1",
                "input_software_name": "default upload",
                "is_software": false,
                "is_upload": true,
                "k-1": 0.5,
                "k-2": 2.5,
                "link_code": null,
                "link_to_team": "https://www.tira.io/g/tira_vm_example_participant",
                "owned_by_user": false,
                "published": true,
                "review_state": "no-review",
                "run_id": "run-5-example_participant",
                "selectable": false,
                "vm_id": "example_participant"
            },
            {
                "blinded": true,
                "dataset_id": "dataset-1",
                "input_software_name": "default upload",
                "is_software": false,
                "is_upload": true,
                "k-1": 0.4,
                "k-2": 2.6,
                "link_code": null,
                "link_to_team": "https://www.tira.io/g/tira_vm_participant-1",
                "owned_by_user": false,
                "published": true,
                "review_state": "no-review",
                "run_id": "run-5-participant-1",
                "selectable": false,
                "vm_id": "participant-1"
            },
            {
                "blinded": true,
                "dataset_id": "dataset-1",
                "input_software_name": "default upload",
                "is_software": false,
                "is_upload": true,
                "k-1": 0.2,
                "k-2": 2.8,
                "link_code": null,
                "link_to_team": "https://www.tira.io/g/tira_vm_example_participant",
                "owned_by_user": false,
                "published": true,
                "review_state": "no-review",
                "run_id": "run-6-example_participant",
                "selectable": false,
                "vm_id": "example_participant"
            },
            {
                "blinded": true,
                "dataset_id": "dataset-1",
                "input_software_name": "default upload",
                "is_software": false,
                "is_upload": true,
                "k-1": 0.1,
                "k-2": 2.9,
                "link_code": null,
                "link_to_team": "https://www.tira.io/g/tira_vm_participant-1",
                "owned_by_user": false,
                "published": true,
                "review_state": "no-review",
                "run_id": "run-6-participant-1",
                "selectable": false,
                "vm_id": "participant-1"
            },
            {
                "blinded": true,
                "dataset_id": "dataset-1",
                "input_software_name": "default upload",
                "is_software": false,
                "is_upload": true,
                "k-1": -0.1,
                "k-2": 3.1,
                "link_code": null,
                "link_to_team": "https://www.tira.io/g/tira_vm_example_participant",
                "owned_by_user": false,
                "published": true,
                "review_state": "no-review",
                "run_id": "run-7-example_participant",
                "selectable": false,
                "vm_id": "example_participant"
            },
            {
                "blinded": true,
                "dataset_id": "dataset-1",
                "input_software_name": "default upload",
                "is_software": false,
                "is_upload": true,
                "k-1": -0.2,
                "k-2": 3.2,
                "link_code": null,
                "link_to_team": "https://www.tira.io/g/tira_vm_participant-1",
                "owned_by_user": false,
                "published": true,
                "review_state": "no-review",
                "run_id": "run-7-participant-1",
                "selectable": false,
                "vm_id": "participant-1"
            },
            {
                "blinded": true,
                "dataset_id": "dataset-1",
                "input_software_name": "default upload",
                "is_software": false,
                "is_upload": true,
                "k-1": -0.4,
                "k-2": 3.4,
                "link_code": null,
                "link_to_team": "https://www.tira.io/g/tira_vm_example_participant",
                "owned_by_user": false,
                "published": true,
                "review_state": "no-review",
                "run_id": "run-8-example_participant",
                "selectable": false,
                "vm_id": "example_participant"
            },
            {
                "blinded": true,
                "dataset_id": "dataset-1",
                "input_software_name": "default upload",
                "is_software": false,
                "is_upload": true,
                "k-1": -0.5,
                "k-2": 3.5,
                "link_code": null,
                "link_to_team": "https://www.tira.io/g/tira_vm_participant-1",
                "owned_by_user": false,
                "published": true,
                "review_state": "no-review",
                "run_id": "run-8-participant-1",
                "selectable": false,
                "vm_id": "participant-1"
            },
            {
                "blinded": true,
                "dataset_id": "dataset-1",
                "input_software_name": "default upload",
                "is_software": false,
                "is_upload": true,
                "k-1": -0.7,
                "k-2": 3.7,
                "link_code": null,
                "link_to_team": "https://www.tira.io/g/tira_vm_example_participant",
                "owned_by_user": false,
                "published": true,
                "review_state": "no-review",
                "run_id": "run-9-example_participant",
                "selectable": false,
                "vm_id": "example_participant"
            },
            {
                "blinded": false,
                "dataset_id": "dataset-1",
                "input_software_name": "default upload",
                "is_software": false,
                "is_upload": true,
                "k-1": -0.8,
                "k-2": 3.8,
                "link_code": null,
                "link_results_download": "/task/shared-task-1/user/participant-1/dataset/<TIME>/download/run-9-participant-1-eval.zip",
                "link_run_download": "/task/shared-task-1/user/participant-1/dataset/<TIME>/download/run-9-participant-1.zip",
                "link_to_team": "https://www.tira.io/g/tira_vm_participant-1",
                "owned_by_user": false,
                "published": true,
                "review_state": "no-review",
                "run_id": "run-9-participant-1",
                "selectable": false,
                "vm_id": "participant-1"
            }
        ],
        "table_headers": [
            {
                "key": "vm_id",
                "title": "Team"
            },
            {
                "key": "input_software_name",
                "title": "Approach"
            },
            {
                "key": "run_id",
                "title": "Run"
            },
            {
                "key": "k-1",
                "title": "k-1"
            },
            {
                "key": "k-2",
                "title": "k-2"
            },
            {
                "key": "actions",
                "sortable": false,
                "title": ""
            }
        ],
        "table_headers_small_layout": [
            {
                "key": "input_software_name",
                "title": "Approach"
            },
            {
                "key": "k-1",
                "title": "k-1"
            }
        ],
        "table_sort_by": [
            {
                "key": "k-1",
                "order": "desc"
            }
        ],
        "task_id": "shared-task-1",
        "user_id": "ignored-user.",
        "user_vms_for_task": []
    },
    "status": 0
}
