{
    "context": {
        "docker_documentation": [
            "Your account has no docker registry. Please contact an organizer."
        ],
        "ev_keys": [],
        "include_navigation": false,
        "organizer_teams": "[]",
        "role": "participant",
        "runs": [
            {
                "blinded": true,
                "dataset_id": "vm-eval-task-1",
                "input_software_name": "s-vm-eval-p5",
                "is_software": true,
                "is_upload": false,
                "link_code": null,
                "link_to_team": "https://www.tira.io/g/tira_vm_vm-eval-p5",
                "owned_by_user": false,
                "published": false,
                "review_state": "no-review",
                "run_id": "vm-eval-p5-vm-eval-task-1-<TIME>-test-0",
                "selectable": false,
                "vm_id": "vm-eval-p5"
            },
            {
                "blinded": true,
                "dataset_id": "vm-eval-task-1",
                "input_software_name": "s-vm-eval-p5",
                "is_software": true,
                "is_upload": false,
                "link_code": null,
                "link_to_team": "https://www.tira.io/g/tira_vm_vm-eval-p5",
                "owned_by_user": false,
                "published": false,
                "review_state": "no-review",
                "run_id": "vm-eval-p5-vm-eval-task-1-<TIME>-test-1",
                "selectable": false,
                "vm_id": "vm-eval-p5"
            },
            {
                "blinded": true,
                "dataset_id": "vm-eval-task-1",
                "input_software_name": "s-vm-eval-p5",
                "is_software": true,
                "is_upload": false,
                "link_code": null,
                "link_to_team": "https://www.tira.io/g/tira_vm_vm-eval-p5",
                "owned_by_user": false,
                "published": false,
                "review_state": "no-review",
                "run_id": "vm-eval-p5-vm-eval-task-1-<TIME>-test-2",
                "selectable": false,
                "vm_id": "vm-eval-p5"
            }
        ],
        "table_headers": [
            {
                "key": "dataset_id",
                "title": "Dataset"
            },
            {
                "key": "run_id",
                "title": "Run"
            },
            {
                "key": "actions",
                "sortable": false,
                "title": ""
            }
        ],
        "table_headers_small_layout": [
            {
                "key": "dataset_id",
                "title": "Dataset"
            },
            {
                "key": "run_id",
                "title": "Run"
            }
        ],
        "table_sort_by": [
            {
                "key": "run_id",
                "order": "desc"
            }
        ],
        "task_id": "vm-eval-task",
        "user_id": "ignored-user.",
        "user_vms_for_task": []
    },
    "status": 0
}
