{
    "context": {
        "docker_documentation": [
            "Your account has no docker registry. Please contact an organizer."
        ],
        "ev_keys": [
            "k-1",
            "k-2"
        ],
        "include_navigation": false,
        "organizer_teams": "[]",
        "role": "participant",
        "runs": [
            {
                "blinded": false,
                "dataset_id": "vm-eval-task-1",
                "input_software_name": "s-vm-eval-p1",
                "is_software": true,
                "is_upload": false,
                "k-1": 2.0,
                "k-2": 1.0,
                "link_code": null,
                "link_results_download": "/task/vm-eval-task/user/vm-eval-p1/dataset/<TIME>/download/vm-eval-p1-vm-eval-task-1-<TIME>-test-eval.zip",
                "link_run_download": "/task/vm-eval-task/user/vm-eval-p1/dataset/<TIME>/download/vm-eval-p1-vm-eval-task-1-<TIME>-test.zip",
                "link_to_team": "https://www.tira.io/g/tira_vm_vm-eval-p1",
                "owned_by_user": false,
                "published": true,
                "review_state": "no-review",
                "run_id": "vm-eval-p1-vm-eval-task-1-<TIME>-test",
                "selectable": false,
                "vm_id": "vm-eval-p1"
            },
            {
                "blinded": false,
                "dataset_id": "vm-eval-task-2",
                "input_software_name": "s-vm-eval-p1",
                "is_software": true,
                "is_upload": false,
                "k-1": 1.9,
                "k-2": 1.1,
                "link_code": null,
                "link_results_download": "/task/vm-eval-task/user/vm-eval-p1/dataset/<TIME>/download/vm-eval-p1-vm-eval-task-2-<TIME>-training-eval.zip",
                "link_run_download": "/task/vm-eval-task/user/vm-eval-p1/dataset/<TIME>/download/vm-eval-p1-vm-eval-task-2-<TIME>-training.zip",
                "link_to_team": "https://www.tira.io/g/tira_vm_vm-eval-p1",
                "owned_by_user": false,
                "published": true,
                "review_state": "no-review",
                "run_id": "vm-eval-p1-vm-eval-task-2-<TIME>-training",
                "selectable": false,
                "vm_id": "vm-eval-p1"
            },
            {
                "blinded": false,
                "dataset_id": "vm-eval-task-3",
                "input_software_name": "s-vm-eval-p1",
                "is_software": true,
                "is_upload": false,
                "k-1": 1.8,
                "k-2": 1.2,
                "link_code": null,
                "link_results_download": "/task/vm-eval-task/user/vm-eval-p1/dataset/<TIME>/download/vm-eval-p1-vm-eval-task-3-<TIME>-test-eval.zip",
                "link_run_download": "/task/vm-eval-task/user/vm-eval-p1/dataset/<TIME>/download/vm-eval-p1-vm-eval-task-3-<TIME>-test.zip",
                "link_to_team": "https://www.tira.io/g/tira_vm_vm-eval-p1",
                "owned_by_user": false,
                "published": true,
                "review_state": "no-review",
                "run_id": "vm-eval-p1-vm-eval-task-3-<TIME>-test",
                "selectable": false,
                "vm_id": "vm-eval-p1"
            }
        ],
        "table_headers": [
            {
                "key": "dataset_id",
                "title": "Dataset"
            },
            {
                "key": "run_id",
                "title": "Run"
            },
            {
                "key": "k-1",
                "title": "k-1"
            },
            {
                "key": "k-2",
                "title": "k-2"
            },
            {
                "key": "actions",
                "sortable": false,
                "title": ""
            }
        ],
        "table_headers_small_layout": [
            {
                "key": "dataset_id",
                "title": "Dataset"
            },
            {
                "key": "run_id",
                "title": "Run"
            }
        ],
        "table_sort_by": [
            {
                "key": "run_id",
                "order": "desc"
            }
        ],
        "task_id": "vm-eval-task",
        "user_id": "ignored-user.",
        "user_vms_for_task": []
    },
    "status": 0
}
