{
    "md5_of_first_kilobyte": "26d7df19f59ecdd02c96378f24e6afef",
    "redirect_url": {
        "md5": "47d62f254408281ef03c603248c44abc",
        "run_id": "2024-04-18-18-16-52",
        "urls": [
            "https://files.webis.de/data-in-production/data-research/tira-zenodo-dump-preparation/ir-lab-padua2024/2024-04-18-18-16-52.zip"
        ]
    },
    "redirected_run_url": {
        "md5": "47d62f254408281ef03c603248c44abc",
        "run_id": "2024-04-18-18-16-52",
        "urls": [
            "https://files.webis.de/data-in-production/data-research/tira-zenodo-dump-preparation/ir-lab-padua2024/2024-04-18-18-16-52.zip"
        ]
    },
    "run_execution": {
        "dataset": "longeval-2023-08-20240418-training",
        "run_id": "2024-04-18-18-16-52",
        "task": "ir-benchmarks",
        "team": "tira-ir-starter"
    },
    "run_url": "https://www.tira.io/task/ir-benchmarks/user/tira-ir-starter/dataset/longeval-2023-08-20240418-training/download/2024-04-18-18-16-52.zip"
}
