{
    "md5_of_first_kilobyte": "d4ee99e594cd6b243b90b4ae43579812",
    "redirect_url": {
        "urls": [
            "https://files.webis.de/data-in-production/data-research/tira-zenodo-dump-preparation/ir-lab-padua2024/longeval-train-20230513-inputs.zip?download=1"
        ]
    },
    "tira_url": "https://www.tira.io/data-download/training/input-/longeval-train-20230513-training.zip"
}
