{
    "md5_of_first_kilobyte": "7cf7e554b806f2bf152c77bc69932611",
    "redirect_url": {
        "urls": [
            "https://files.webis.de/data-in-production/data-research/tira-zenodo-dump-preparation/ir-lab-sose2024/ir-acl-anthology-20240504-inputs.zip?download=1"
        ]
    },
    "tira_url": "https://www.tira.io/data-download/training/input-/ir-acl-anthology-20240504-training.zip"
}
