{
    "md5_of_first_kilobyte": "7af2420d5ca6779fd3fe65102d013578",
    "redirect_url": {
        "urls": [
            "https://files.webis.de/data-in-production/data-research/tira-zenodo-dump-preparation/ir-lab-padua2024/longeval-heldout-20230513-inputs.zip?download=1"
        ]
    },
    "tira_url": "https://www.tira.io/data-download/training/input-/longeval-heldout-20230513-training.zip"
}
