{
    "md5_of_first_kilobyte": "c72d3df1f6d10b993c130f3f8aa14833",
    "redirect_url": {
        "urls": [
            "https://files.webis.de/data-in-production/data-research/tira-zenodo-dump-preparation/ir-lab-padua2024/longeval-long-september-20230513-inputs.zip?download=1"
        ]
    },
    "tira_url": "https://www.tira.io/data-download/training/input-/longeval-long-september-20230513-training.zip"
}
