{
    "md5_of_first_kilobyte": "2be6f795388e1dbf044e1c6401470b91",
    "redirect_url": {
        "urls": [
            "https://files.webis.de/data-in-production/data-research/tira-zenodo-dump-preparation/ir-lab-sose2024/ir-acl-anthology-20240504-truth.zip?download=1"
        ]
    },
    "tira_url": "https://www.tira.io/data-download/training/input-truth/ir-acl-anthology-20240504-training.zip"
}
