{
    "md5_of_first_kilobyte": "2573714cc996dddbcb44da9b54e56a0f",
    "redirect_url": {
        "urls": [
            "https://files.webis.de/data-in-production/data-research/tira-zenodo-dump-preparation/ir-lab-padua2024/longeval-2023-08-20240418-inputs.zip?download=1"
        ]
    },
    "tira_url": "https://www.tira.io/data-download/training/input-/longeval-2023-08-20240422-training.zip"
}
