{
    "md5_of_first_kilobyte": "fe17ec88f485f5d9674f299545601cb2",
    "redirect_url": {
        "urls": [
            "https://zenodo.org/records/12722918/files/re-rank-spot-check-20240624-inputs.zip?download=1"
        ]
    },
    "tira_url": "https://www.tira.io/data-download/training/input-/re-rank-spot-check-20240624-training.zip"
}
