{
    "md5_of_first_kilobyte": "113bff27faad8c96e620ba17d1f8d16d",
    "redirect_url": {
        "urls": [
            "https://zenodo.org/records/12722918/files/ms-marco-all-dev-queries-20240629-inputs.zip?download=1"
        ]
    },
    "tira_url": "https://www.tira.io/data-download/training/input-/ms-marco-all-dev-queries-20240629-training.zip"
}
