{
    "reneuir-2024/reneuir-baselines/anserini-bm25": {
        "md5_of_first_kilobyte": "75cae9cd792f5be5d51f13f4b170b3fa",
        "redirect_url": {
            "run_id": "2024-07-07-08-37-43",
            "urls": [
                "https://files.webis.de/data-in-production/data-research/tira-zenodo-dump-preparation/reneuir-2024/runs/sparse-retriever.zip?download=1"
            ]
        },
        "redirected_run_url": {
            "run_id": "2024-07-07-08-37-43",
            "urls": [
                "https://files.webis.de/data-in-production/data-research/tira-zenodo-dump-preparation/reneuir-2024/runs/sparse-retriever.zip?download=1"
            ]
        },
        "run_execution": {
            "dataset": "dl-top-1000-docs-20240701-training",
            "run_id": "2024-07-07-08-37-43",
            "task": "reneuir-2024",
            "team": "reneuir-baselines"
        },
        "run_url": "https://www.tira.io/task/reneuir-2024/user/reneuir-baselines/dataset/dl-top-1000-docs-20240701-training/download/2024-07-07-08-37-43.zip"
    },
    "reneuir-2024/reneuir-baselines/pyterrier-bm25": {
        "md5_of_first_kilobyte": "75cae9cd792f5be5d51f13f4b170b3fa",
        "redirect_url": {
            "run_id": "2024-07-07-15-39-10",
            "urls": [
                "https://files.webis.de/data-in-production/data-research/tira-zenodo-dump-preparation/reneuir-2024/runs/sparse-retriever.zip?download=1"
            ]
        },
        "redirected_run_url": {
            "run_id": "2024-07-07-15-39-10",
            "urls": [
                "https://files.webis.de/data-in-production/data-research/tira-zenodo-dump-preparation/reneuir-2024/runs/sparse-retriever.zip?download=1"
            ]
        },
        "run_execution": {
            "dataset": "dl-top-1000-docs-20240701-training",
            "run_id": "2024-07-07-15-39-10",
            "task": "reneuir-2024",
            "team": "reneuir-baselines"
        },
        "run_url": "https://www.tira.io/task/reneuir-2024/user/reneuir-baselines/dataset/dl-top-1000-docs-20240701-training/download/2024-07-07-15-39-10.zip"
    }
}
