{
    "md5_of_first_kilobyte": "35f35fbe86f8a2cd30fe5fda21b49be1",
    "redirect_url": {
        "urls": [
            "https://zenodo.org/records/12722918/files/dl-top-10-docs-20240701-truth.zip?download=1"
        ]
    },
    "tira_url": "https://www.tira.io/data-download/training/input-truth/dl-top-10-docs-20240701-training.zip"
}
