{
    "md5_of_first_kilobyte": "226594debd854f9cfd40aaf520b66527",
    "redirect_url": {
        "urls": [
            "https://zenodo.org/records/12722918/files/dl-top-1000-docs-20240701-inputs.zip?download=1"
        ]
    },
    "tira_url": "https://www.tira.io/data-download/training/input-/dl-top-1000-docs-20240701-training.zip"
}
