{
    "md5_of_first_kilobyte": "90dba586a87b13374e41cea6d9551ea7",
    "redirect_url": {
        "urls": [
            "https://zenodo.org/records/12722918/files/ms-marco-1000-queries-20240629-inputs.zip?download=1"
        ]
    },
    "tira_url": "https://www.tira.io/data-download/training/input-/ms-marco-1000-queries-20240629-training.zip"
}
