{
    "md5_of_first_kilobyte": "e1d83ce690c89186c62bddc05df66ace",
    "redirect_url": {
        "urls": [
            "https://www.tira.io/data-download/training/input-/tiny-sample-20231030-training.zip"
        ]
    },
    "tira_url": "https://www.tira.io/data-download/training/input-/tiny-sample-20231030-training.zip"
}
