{
    "https://zenodo.org/records/10743990/files/2023-01-07-13-39-11.zip?download=1": "https://files.webis.de/data-in-production/data-research/tira-zenodo-dump-preparation/pyterrier-indexes/2023-01-07-13-39-11.zip",
    "https://zenodo.org/records/10743990/files/2023-01-07-13-40-04.zip?download=1": "https://files.webis.de/data-in-production/data-research/tira-zenodo-dump-preparation/pyterrier-indexes/2023-01-07-13-40-04.zip",
    "https://zenodo.org/records/10743990/files/2023-01-07-19-01-50.zip?download=1": "https://files.webis.de/data-in-production/data-research/tira-zenodo-dump-preparation/pyterrier-indexes/2023-01-07-19-01-50.zip",
    "https://zenodo.org/records/10743990/files/2023-01-07-19-37-49.zip?download=1": "https://files.webis.de/data-in-production/data-research/tira-zenodo-dump-preparation/pyterrier-indexes/2023-01-07-19-37-49.zip",
    "https://zenodo.org/records/10743990/files/2023-01-07-22-09-56.zip?download=1": "https://files.webis.de/data-in-production/data-research/tira-zenodo-dump-preparation/pyterrier-indexes/2023-01-07-22-09-56.zip",
    "https://zenodo.org/records/10743990/files/2023-01-08-15-18-20.zip?download=1": "https://files.webis.de/data-in-production/data-research/tira-zenodo-dump-preparation/pyterrier-indexes/2023-01-08-15-18-20.zip",
    "https://zenodo.org/records/10743990/files/2023-02-09-15-46-37.zip?download=1": "https://files.webis.de/data-in-production/data-research/tira-zenodo-dump-preparation/pyterrier-indexes/2023-02-09-15-46-37.zip",
    "https://zenodo.org/records/10743990/files/2023-02-09-17-50-22.zip?download=1": "https://files.webis.de/data-in-production/data-research/tira-zenodo-dump-preparation/pyterrier-indexes/2023-02-09-17-50-22.zip",
    "https://zenodo.org/records/10743990/files/2023-02-09-22-14-32.zip?download=1": "https://files.webis.de/data-in-production/data-research/tira-zenodo-dump-preparation/pyterrier-indexes/2023-02-09-22-14-32.zip",
    "https://zenodo.org/records/10743990/files/2023-02-11-15-15-35.zip?download=1": "https://files.webis.de/data-in-production/data-research/tira-zenodo-dump-preparation/pyterrier-indexes/2023-02-11-15-15-35.zip",
    "https://zenodo.org/records/10743990/files/2023-02-11-20-52-47.zip?download=1": "https://files.webis.de/data-in-production/data-research/tira-zenodo-dump-preparation/pyterrier-indexes/2023-02-11-20-52-47.zip",
    "https://zenodo.org/records/10743990/files/2023-11-10-21-09-17.zip?download=1": "https://files.webis.de/data-in-production/data-research/tira-zenodo-dump-preparation/pyterrier-indexes/2023-11-10-21-09-17.zip",
    "https://zenodo.org/records/10743990/files/2023-11-10-23-21-55.zip?download=1": "https://files.webis.de/data-in-production/data-research/tira-zenodo-dump-preparation/pyterrier-indexes/2023-11-10-23-21-55.zip",
    "https://zenodo.org/records/10743990/files/2023-11-10-23-22-59.zip?download=1": "https://files.webis.de/data-in-production/data-research/tira-zenodo-dump-preparation/pyterrier-indexes/2023-11-10-23-22-59.zip",
    "https://zenodo.org/records/10743990/files/2023-11-10-23-23-59.zip?download=1": "https://files.webis.de/data-in-production/data-research/tira-zenodo-dump-preparation/pyterrier-indexes/2023-11-10-23-23-59.zip",
    "https://zenodo.org/records/10743990/files/2023-11-11-06-49-15.zip?download=1": "https://files.webis.de/data-in-production/data-research/tira-zenodo-dump-preparation/pyterrier-indexes/2023-11-11-06-49-15.zip"
}
