{
    "md5_of_first_kilobyte": "c4f1c4c16528f533b160f68e84cb4345",
    "redirect_url": {
        "urls": [
            "https://files.webis.de/data-in-production/data-research/tira-zenodo-dump-preparation/ir-lab-sose2024/Passage_ANCE_FirstP_Checkpoint.zip"
        ]
    },
    "url": "https://files.webis.de/data-in-production/data-research/tira-zenodo-dump-preparation/ir-lab-sose2024/Passage_ANCE_FirstP_Checkpoint.zip"
}
